// Jest Snapshot v1, https://goo.gl/fbAQLP

exports[`CaslBridge rulesToQuery should create for all access 1`] = `Object {}`;

exports[`CaslBridge rulesToQuery should create for conditional access 1`] = `
Object {
  "$and": Array [
    Object {
      "$not": Object {
        "title": "Magic Incantation",
      },
    },
  ],
  "$or": Array [
    Object {
      "author": Object {
        "name": "John Doe",
      },
    },
    Object {
      "title": "The Book",
    },
  ],
}
`;

exports[`CaslBridge rulesToQuery should create for no access 1`] = `null`;
